// Jest Snapshot v1, https://goo.gl/fbAQLP

exports[`<Button /> should be rendered with text "Hello, React!" 1`] = `
<button
  className=""
  data-button="login-page__button-login"
  type="button"
>
  Hello, React!
</button>
`;
